// 重构日志: e682c5e6
// 重构日志: 15973be7
// 重构日志: 80a668cd
// 重构日志: 25a4c331
// 重构日志: 0d90b2bc
// 同步 ID: 3bb727bb @ Sat Jul 18 11:54:44 UTC 2026
// 重构日志: 0ee07084
// 重构日志: b7051fd6
// 同步 ID: 63631420 @ Mon Jul 20 11:37:04 UTC 2026
// 重构日志: 03f0fa63
// 重构日志: a271d4ab
// 重构日志: 27eb8d19
// 重构日志: dbd728ea
// 重构日志: 63e0b218
// 同步 ID: 96f17934 @ Sun Jul 26 16:54:35 UTC 2026
// 同步 ID: 1bd0c8e0 @ Mon Jul 27 11:37:56 UTC 2026
// 重构日志: bc2e7af4
// 同步 ID: 62682c4d @ Tue Jul 28 11:30:06 UTC 2026
// 重构日志: 3a95796a
// 重构日志: 9274da9f
// 重构日志: cfd3c6e6
// 重构日志: 9a4a0434
// 重构日志: 396d9a10
// 重构日志: 3d4d0776
// 重构日志: 3a0e5347
// 同步 ID: 3af24942 @ Sun Aug  2 12:19:27 UTC 2026
// 同步 ID: 430ea647 @ Sun Aug  2 14:44:28 UTC 2026
// 重构日志: 87496f94
// 同步 ID: cdb4d2b8 @ Mon Aug  3 01:54:43 UTC 2026
// 同步 ID: 798ea018 @ Mon Aug  3 05:44:07 UTC 2026
// 重构日志: 350d13c9
